// Jest Snapshot v1, https://goo.gl/fbAQLP

exports[`fails if the type changes 1`] = `
Object {
  "actual": "<span>
  <span />
</span>",
  "count": 1,
  "diff": "- Expected
+ Received


- <div>
+ <span>
    <span />
- </div>
+ </span>",
  "expected": "<div>
  <span />
</div>",
  "pass": false,
}
`;
