// Jest Snapshot v1, https://goo.gl/fbAQLP

exports[`fails if the type changes 1`] = `
Object {
  "actual": "
<span>
  Object {
    \\"type\\": \\"span\\",
  }
</span>
",
  "count": 1,
  "diff": "  Comparing two different types of values. Expected null but received string.",
  "expected": null,
  "pass": false,
}
`;
